#-----------------------------------------------------------
# Vivado v2019.1 (64-bit)
# SW Build 2552052 on Fri May 24 14:49:42 MDT 2019
# IP Build 2548770 on Fri May 24 18:01:18 MDT 2019
# Start of session at: Tue Mar 24 21:37:07 2020
# Process ID: 15380
# Current directory: D:/sem_I/SDUP/cordic_pipeline
# Command line: vivado.exe -gui_launcher_event rodinguilauncherevent9212 D:\sem_I\SDUP\cordic_pipeline\cordic_pipeline.xpr
# Log file: D:/sem_I/SDUP/cordic_pipeline/vivado.log
# Journal file: D:/sem_I/SDUP/cordic_pipeline\vivado.jou
#-----------------------------------------------------------
start_gui
open_project D:/sem_I/SDUP/cordic_pipeline/cordic_pipeline.xpr
update_compile_order -fileset sources_1
launch_simulation
launch_simulation
launch_simulation
# Disabling source management mode.  This is to allow the top design properties to be set without GUI intervention.
set_property source_mgmt_mode None [current_project]
set_property top elipse_cordic_bahavioural [get_filesets sim_1]
set_property top_lib xil_defaultlib [get_filesets sim_1]
# Re-enabling previously disabled source management mode.
set_property source_mgmt_mode All [current_project]
update_compile_order -fileset sim_1
launch_simulation
source elipse_cordic_bahavioural.tcl
close_sim
launch_simulation
source elipse_cordic_bahavioural.tcl
run all
run 10 us
close_sim
launch_simulation
source elipse_cordic_bahavioural.tcl
set_property top elipse_cordic_behavioural_TB [get_filesets sim_1]
set_property top_lib xil_defaultlib [get_filesets sim_1]
update_compile_order -fileset sim_1
close_sim
launch_simulation
# Disabling source management mode.  This is to allow the top design properties to be set without GUI intervention.
set_property source_mgmt_mode None [current_project]
set_property top cordic_pipe_rtl [get_filesets sim_1]
set_property top_lib xil_defaultlib [get_filesets sim_1]
# Re-enabling previously disabled source management mode.
set_property source_mgmt_mode All [current_project]
update_compile_order -fileset sim_1
set_property top elipse_cordic_behavioural_TB [get_filesets sim_1]
set_property top_lib xil_defaultlib [get_filesets sim_1]
update_compile_order -fileset sim_1
close_project
open_project D:/sem_I/SDUP/cordic_pipeline/cordic_pipeline.xpr
update_compile_order -fileset sources_1
close_project
open_project D:/sem_I/SDUP/cordic_pipeline/cordic_pipeline.xpr
update_compile_order -fileset sources_1
launch_simulation
source elipse_cordic_behavioural_TB.tcl
close_sim
launch_simulation
source elipse_cordic_behavioural_TB.tcl
close_sim
launch_simulation
source elipse_cordic_behavioural_TB.tcl
close_sim
launch_simulation
launch_simulation
source elipse_cordic_behavioural_TB.tcl
close_sim
launch_simulation
source elipse_cordic_behavioural_TB.tcl
close_sim
launch_simulation
source elipse_cordic_behavioural_TB.tcl
close_sim
launch_simulation
source elipse_cordic_behavioural_TB.tcl
close_sim
launch_simulation
source elipse_cordic_behavioural_TB.tcl
close_sim
launch_simulation
source elipse_cordic_behavioural_TB.tcl
close_sim
launch_simulation
source elipse_cordic_behavioural_TB.tcl
close_sim
launch_simulation
launch_simulation
source elipse_cordic_behavioural_TB.tcl
current_wave_config {Untitled 14}
add_wave {{/elipse_cordic_behavioural_TB/cordic/a}} 
current_wave_config {Untitled 14}
add_wave {{/elipse_cordic_behavioural_TB/cordic/b}} 
run all
current_wave_config {Untitled 14}
add_wave {{/elipse_cordic_behavioural_TB/cordic/cos}} 
current_wave_config {Untitled 14}
add_wave {{/elipse_cordic_behavioural_TB/cordic/sin}} 
restart
run 10 us
run all
close_sim
launch_simulation
source elipse_cordic_behavioural_TB.tcl
close_sim
launch_simulation
source elipse_cordic_behavioural_TB.tcl
close_sim
launch_simulation
source elipse_cordic_behavioural_TB.tcl
run 10 us
close_sim
launch_simulation
source elipse_cordic_behavioural_TB.tcl
close_sim
launch_simulation
source elipse_cordic_behavioural_TB.tcl
close_sim
launch_simulation
source elipse_cordic_behavioural_TB.tcl
close_sim
launch_simulation
launch_simulation
launch_simulation
source elipse_cordic_behavioural_TB.tcl
current_wave_config {Untitled 21}
add_wave {{/elipse_cordic_behavioural_TB/cordic/a}} 
run 10 us
close_sim
launch_simulation
source elipse_cordic_behavioural_TB.tcl
current_wave_config {Untitled 22}
add_wave {{/elipse_cordic_behavioural_TB/cordic/x_internal}} 
run 10 us
close_sim
launch_simulation
source elipse_cordic_behavioural_TB.tcl
current_wave_config {Untitled 23}
add_wave {{/elipse_cordic_behavioural_TB/cordic/x_internal}} 
current_wave_config {Untitled 23}
add_wave {{/elipse_cordic_behavioural_TB/cordic/sin}} 
current_wave_config {Untitled 23}
add_wave {{/elipse_cordic_behavioural_TB/cordic/cos}} 
close_sim
launch_simulation
source elipse_cordic_behavioural_TB.tcl
close_sim
launch_simulation
source elipse_cordic_behavioural_TB.tcl
close_sim
launch_simulation
source elipse_cordic_behavioural_TB.tcl
close_sim
launch_simulation
source elipse_cordic_behavioural_TB.tcl
close_sim
launch_simulation
source elipse_cordic_behavioural_TB.tcl
close_sim
