#-----------------------------------------------------------
# Vivado v2019.1 (64-bit)
# SW Build 2552052 on Fri May 24 14:49:42 MDT 2019
# IP Build 2548770 on Fri May 24 18:01:18 MDT 2019
# Start of session at: Mon Mar 23 19:01:19 2020
# Process ID: 12016
# Current directory: D:/sem_I/SDUP/cordic
# Command line: vivado.exe -gui_launcher_event rodinguilauncherevent1516 D:\sem_I\SDUP\cordic\cwiczenie1_3.xpr
# Log file: D:/sem_I/SDUP/cordic/vivado.log
# Journal file: D:/sem_I/SDUP/cordic\vivado.jou
#-----------------------------------------------------------
start_gui
open_project D:/sem_I/SDUP/cordic/cwiczenie1_3.xpr
update_compile_order -fileset sources_1
launch_simulation
set_property file_type SystemVerilog [get_files  D:/sem_I/SDUP/cordic/cwiczenie1_3.srcs/sources_1/new/cwiczenie1_3.v]
launch_simulation
source cordic_rtl_TB.tcl
close_sim
launch_simulation
source cordic_rtl_TB.tcl
set_property -name {xsim.simulate.runtime} -value {10000ns} -objects [get_filesets sim_1]
close_sim
launch_simulation
source cordic_rtl_TB.tcl
set_property -name {xsim.simulate.runtime} -value {1800ns} -objects [get_filesets sim_1]
close_sim
launch_simulation
source cordic_rtl_TB.tcl
close_sim
launch_simulation
source cordic_rtl_TB.tcl
close_sim
launch_simulation
source cordic_rtl_TB.tcl
close_sim
